// Jest Snapshot v1, https://goo.gl/fbAQLP

exports[`renders correctly 1`] = `
<button
  className="App-button"
  onClick={[Function]}
  type="button"
>
  Test
</button>
`;
